

 ==================================================================== 
   	  Logistic Model. (Version: 2.13; Date: 10/28/2009) 
  	  Input Data File: C:/Temp/hawc/bmd test cases/1-dichotomous-tc-LogLogistic-10%.(d)  
  	  Gnuplot Plotting File:  C:/Temp/hawc/bmd test cases/1-dichotomous-tc-LogLogistic-10%.plt
 							Fri Jan 25 00:03:25 2013
 ==================================================================== 

 BMDS_Model_Run 
~~~~~~~~~~~~~~~~~~~~~~~~~~~~~~~~~~~~~~~~~~~~~~~~~~~~~~~~~~~~~~~~~~~~~
 
   The form of the probability function is: 

   P[response] = background+(1-background)/[1+EXP(-intercept-slope*Log(dose))]


   Dependent variable = Incidence
   Independent variable = Dose
   Slope parameter is restricted as slope >= 1

   Total number of observations = 4
   Total number of records with missing values = 0
   Maximum number of iterations = 250
   Relative Function Convergence has been set to: 1e-008
   Parameter Convergence has been set to: 1e-008



   User has chosen the log transformed model


                  Default Initial Parameter Values  
                     background =         0.05
                      intercept =     -6.40884
                          slope =            1


           Asymptotic Correlation Matrix of Parameter Estimates

           ( *** The model parameter(s)  -slope   
                 have been estimated at a boundary point, or have been specified by the user,
                 and do not appear in the correlation matrix )

             background    intercept

background            1         -0.6

 intercept         -0.6            1



                                 Parameter Estimates

                                                         95.0% Wald Confidence Interval
       Variable         Estimate        Std. Err.     Lower Conf. Limit   Upper Conf. Limit
     background        0.0616761            *                *                  *
      intercept         -6.52062            *                *                  *
          slope                1            *                *                  *

* - Indicates that this value is not calculated.



                        Analysis of Deviance Table

       Model      Log(likelihood)  # Param's  Deviance  Test d.f.   P-value
     Full model        -36.6201         4
   Fitted model        -36.7545         2      0.268841      2          0.8742
  Reduced model        -40.0322         1       6.82414      3         0.07772

           AIC:         77.5091


                                  Goodness  of  Fit 
                                                                 Scaled
     Dose     Est._Prob.    Expected    Observed     Size       Residual
  ------------------------------------------------------------------------
    0.0000     0.0617         1.234     1.000          20       -0.217
   50.0000     0.1260         2.521     3.000          20        0.323
  150.0000     0.2315         4.629     5.000          20        0.197
  350.0000     0.3808         7.617     7.000          20       -0.284

 Chi^2 = 0.27      d.f. = 2        P-value = 0.8734


   Benchmark Dose Computation

Specified effect =            0.1

Risk Type        =      Extra risk 

Confidence level =           0.95

             BMD =        75.4444

            BMDL =        38.6431

