

 ==================================================================== 
   	  Probit Model. (Version: 3.2;  Date: 10/28/2009) 
  	  Input Data File: C:/Temp/hawc/bmd test cases/1-dichotomous-tc-LogProbit-10%.(d)  
  	  Gnuplot Plotting File:  C:/Temp/hawc/bmd test cases/1-dichotomous-tc-LogProbit-10%.plt
 							Fri Jan 25 00:03:26 2013
 ==================================================================== 

 BMDS_Model_Run 
~~~~~~~~~~~~~~~~~~~~~~~~~~~~~~~~~~~~~~~~~~~~~~~~~~~~~~~~~~~~~~~~~~~~~
 
   The form of the probability function is: 

   P[response] = Background
               + (1-Background) * CumNorm(Intercept+Slope*Log(Dose)),

   where CumNorm(.) is the cumulative normal distribution function


   Dependent variable = Incidence
   Independent variable = Dose
   Slope parameter is restricted as slope >= 1

   Total number of observations = 4
   Total number of records with missing values = 0
   Maximum number of iterations = 250
   Relative Function Convergence has been set to: 1e-008
   Parameter Convergence has been set to: 1e-008



   User has chosen the log transformed model


                  Default Initial (and Specified) Parameter Values  
                     background =         0.05
                      intercept =     -5.91561
                          slope =            1


           Asymptotic Correlation Matrix of Parameter Estimates

           ( *** The model parameter(s)  -slope   
                 have been estimated at a boundary point, or have been specified by the user,
                 and do not appear in the correlation matrix )

             background    intercept

background            1        -0.58

 intercept        -0.58            1



                                 Parameter Estimates

                                                         95.0% Wald Confidence Interval
       Variable         Estimate        Std. Err.     Lower Conf. Limit   Upper Conf. Limit
     background          0.10422        0.0530666         0.000211408            0.208229
      intercept         -6.30176         0.370514            -7.02795            -5.57556
          slope                1               NA

NA - Indicates that this parameter has hit a bound
     implied by some inequality constraint and thus
     has no standard error.



                        Analysis of Deviance Table

       Model      Log(likelihood)  # Param's  Deviance  Test d.f.   P-value
     Full model        -36.6201         4
   Fitted model         -37.437         2       1.63382      2          0.4418
  Reduced model        -40.0322         1       6.82414      3         0.07772

           AIC:         78.8741


                                  Goodness  of  Fit 
                                                                 Scaled
     Dose     Est._Prob.    Expected    Observed     Size       Residual
  ------------------------------------------------------------------------
    0.0000     0.1042         2.084     1.000          20       -0.794
   50.0000     0.1118         2.235     3.000          20        0.543
  150.0000     0.1923         3.846     5.000          20        0.655
  350.0000     0.3986         7.971     7.000          20       -0.444

 Chi^2 = 1.55      d.f. = 2        P-value = 0.4608


   Benchmark Dose Computation

Specified effect =            0.1

Risk Type        =      Extra risk 

Confidence level =           0.95

             BMD =        151.442

            BMDL =        90.1705

