

 ==================================================================== 
   	  Multistage Model. (Version: 3.2;  Date: 05/26/2010) 
  	  Input Data File: C:/Temp/hawc/bmd test cases/1-dichotomous-tc-Multi3-10%.(d)  
  	  Gnuplot Plotting File:  C:/Temp/hawc/bmd test cases/1-dichotomous-tc-Multi3-10%.plt
 							Fri Jan 25 00:03:26 2013
 ==================================================================== 

 BMDS_Model_Run 
~~~~~~~~~~~~~~~~~~~~~~~~~~~~~~~~~~~~~~~~~~~~~~~~~~~~~~~~~~~~~~~~~~~~~
 
   The form of the probability function is: 

   P[response] = background + (1-background)*[1-EXP(
                 -beta1*dose^1-beta2*dose^2-beta3*dose^3)]

   The parameter betas are restricted to be positive


   Dependent variable = Incidence
   Independent variable = Dose

 Total number of observations = 4
 Total number of records with missing values = 0
 Total number of parameters in model = 4
 Total number of specified parameters = 0
 Degree of polynomial = 3


 Maximum number of iterations = 250
 Relative Function Convergence has been set to: 1e-008
 Parameter Convergence has been set to: 1e-008



                  Default Initial Parameter Values  
                     Background =    0.0876795
                        Beta(1) =   0.00102768
                        Beta(2) =            0
                        Beta(3) =            0


           Asymptotic Correlation Matrix of Parameter Estimates

           ( *** The model parameter(s)  -Beta(2)    -Beta(3)   
                 have been estimated at a boundary point, or have been specified by the user,
                 and do not appear in the correlation matrix )

             Background      Beta(1)

Background            1        -0.71

   Beta(1)        -0.71            1



                                 Parameter Estimates

                                                         95.0% Wald Confidence Interval
       Variable         Estimate        Std. Err.     Lower Conf. Limit   Upper Conf. Limit
     Background        0.0686703            *                *                  *
        Beta(1)       0.00118448            *                *                  *
        Beta(2)                0            *                *                  *
        Beta(3)                0            *                *                  *

* - Indicates that this value is not calculated.



                        Analysis of Deviance Table

       Model      Log(likelihood)  # Param's  Deviance  Test d.f.   P-value
     Full model        -36.6201         4
   Fitted model        -36.8492         2      0.458074      2          0.7953
  Reduced model        -40.0322         1       6.82414      3         0.07772

           AIC:         77.6983


                                  Goodness  of  Fit 
                                                                 Scaled
     Dose     Est._Prob.    Expected    Observed     Size       Residual
  ------------------------------------------------------------------------
    0.0000     0.0687         1.373     1.000          20       -0.330
   50.0000     0.1222         2.445     3.000          20        0.379
  150.0000     0.2203         4.406     5.000          20        0.321
  350.0000     0.3847         7.695     7.000          20       -0.319

 Chi^2 = 0.46      d.f. = 2        P-value = 0.7955


   Benchmark Dose Computation

Specified effect =            0.1

Risk Type        =      Extra risk 

Confidence level =           0.95

             BMD =        88.9507

            BMDL =        50.4128

            BMDU =        285.754

Taken together, (50.4128, 285.754) is a 90     % two-sided confidence
interval for the BMD

