

 ==================================================================== 
   	  Weibull Model using Weibull Model (Version: 2.15;  Date: 10/28/2009) 
  	  Input Data File: C:/Temp/hawc/bmd test cases/1-dichotomous-tc-Weibull-10%.(d)  
  	  Gnuplot Plotting File:  C:/Temp/hawc/bmd test cases/1-dichotomous-tc-Weibull-10%.plt
 							Fri Jan 25 00:03:26 2013
 ==================================================================== 

 BMDS_Model_Run 
~~~~~~~~~~~~~~~~~~~~~~~~~~~~~~~~~~~~~~~~~~~~~~~~~~~~~~~~~~~~~~~~~~~~~
 
   The form of the probability function is: 

   P[response] = background + (1-background)*[1-EXP(-slope*dose^power)]


   Dependent variable = Incidence
   Independent variable = Dose
   Power parameter is restricted as power >= 1.000000

   Total number of observations = 4
   Total number of records with missing values = 0
   Maximum number of iterations = 250
   Relative Function Convergence has been set to: 1e-008
   Parameter Convergence has been set to: 1e-008



                  Default Initial (and Specified) Parameter Values  
                     Background =    0.0909091
                          Slope =   0.00101907
                          Power =            1


           Asymptotic Correlation Matrix of Parameter Estimates

           ( *** The model parameter(s)  -Power   
                 have been estimated at a boundary point, or have been specified by the user,
                 and do not appear in the correlation matrix )

             Background        Slope

Background            1        -0.59

     Slope        -0.59            1



                                 Parameter Estimates

                                                         95.0% Wald Confidence Interval
       Variable         Estimate        Std. Err.     Lower Conf. Limit   Upper Conf. Limit
     Background        0.0686704         0.052279          -0.0337946            0.171135
          Slope       0.00118448      0.000511805         0.000181362           0.0021876
          Power                1               NA

NA - Indicates that this parameter has hit a bound
     implied by some inequality constraint and thus
     has no standard error.



                        Analysis of Deviance Table

       Model      Log(likelihood)  # Param's  Deviance  Test d.f.   P-value
     Full model        -36.6201         4
   Fitted model        -36.8492         2      0.458074      2          0.7953
  Reduced model        -40.0322         1       6.82414      3         0.07772

           AIC:         77.6983


                                  Goodness  of  Fit 
                                                                 Scaled
     Dose     Est._Prob.    Expected    Observed     Size       Residual
  ------------------------------------------------------------------------
    0.0000     0.0687         1.373     1.000          20       -0.330
   50.0000     0.1222         2.445     3.000          20        0.379
  150.0000     0.2203         4.406     5.000          20        0.321
  350.0000     0.3847         7.695     7.000          20       -0.319

 Chi^2 = 0.46      d.f. = 2        P-value = 0.7955


   Benchmark Dose Computation

Specified effect =            0.1

Risk Type        =      Extra risk 

Confidence level =           0.95

             BMD =        88.9508

            BMDL =       50.4128

