

 ==================================================================== 
   	  Polynomial Model. (Version: 2.16;  Date: 05/26/2010) 
  	  Input Data File: C:/Temp/hawc/bmd test cases/2-continuous-tc-LinearCV-1SD.(d)  
  	  Gnuplot Plotting File:  C:/Temp/hawc/bmd test cases/2-continuous-tc-LinearCV-1SD.plt
 							Fri Jan 25 16:39:54 2013
 ==================================================================== 

 BMDS Model Run 
~~~~~~~~~~~~~~~~~~~~~~~~~~~~~~~~~~~~~~~~~~~~~~~~~~~~~~~~~~~~~~~~~~~~~
 
   The form of the response function is: 

   Y[dose] = beta_0 + beta_1*dose + beta_2*dose^2 + ...


   Dependent variable = Response
   Independent variable = Dose
   rho is set to 0
   Signs of the polynomial coefficients are not restricted
   A constant variance model is fit

   Total number of dose groups = 5
   Total number of records with missing values = 0
   Maximum number of iterations = 250
   Relative Function Convergence has been set to: 1e-008
   Parameter Convergence has been set to: 1e-008



                  Default Initial Parameter Values  
                          alpha =       35.502
                            rho =            0   Specified
                         beta_0 =      12.3333
                         beta_1 =    0.0373333


           Asymptotic Correlation Matrix of Parameter Estimates

           ( *** The model parameter(s)  -rho   
                 have been estimated at a boundary point, or have been specified by the user,
                 and do not appear in the correlation matrix )

                  alpha       beta_0       beta_1

     alpha            1     4.4e-013     1.3e-013

    beta_0     4.4e-013            1        -0.76

    beta_1     1.3e-013        -0.76            1



                                 Parameter Estimates

                                                         95.0% Wald Confidence Interval
       Variable         Estimate        Std. Err.     Lower Conf. Limit   Upper Conf. Limit
          alpha          40.4736          5.72383             29.2551             51.6921
         beta_0          12.3333         0.971794             10.4287              14.238
         beta_1        0.0373333       0.00367304           0.0301343           0.0445324



     Table of Data and Estimated Values of Interest

 Dose       N    Obs Mean     Est Mean   Obs Std Dev  Est Std Dev   Scaled Res.
------     ---   --------     --------   -----------  -----------   ----------

    0    20         11         12.3          2.4         6.36         -0.937
   50    20         16         14.2          3.4         6.36           1.27
  150    20         19         17.9          5.7         6.36           0.75
  350    20         21         25.4          6.7         6.36          -3.09
  450    20         32         29.1          9.1         6.36           2.02



 Model Descriptions for likelihoods calculated


 Model A1:        Yij = Mu(i) + e(ij)
           Var{e(ij)} = Sigma^2

 Model A2:        Yij = Mu(i) + e(ij)
           Var{e(ij)} = Sigma(i)^2

 Model A3:        Yij = Mu(i) + e(ij)
           Var{e(ij)} = Sigma^2
     Model A3 uses any fixed variance parameters that
     were specified by the user

 Model  R:         Yi = Mu + e(i)
            Var{e(i)} = Sigma^2


                       Likelihoods of Interest

            Model      Log(likelihood)   # Param's      AIC
             A1         -225.914787            6     463.829574
             A2         -206.437181           10     432.874362
             A3         -225.914787            6     463.829574
         fitted         -235.032454            3     476.064909
              R         -270.510596            2     545.021192


                   Explanation of Tests  

 Test 1:  Do responses and/or variances differ among Dose levels? 
          (A2 vs. R)
 Test 2:  Are Variances Homogeneous? (A1 vs A2)
 Test 3:  Are variances adequately modeled? (A2 vs. A3)
 Test 4:  Does the Model for the Mean Fit? (A3 vs. fitted)
 (Note:  When rho=0 the results of Test 3 and Test 2 will be the same.)

                     Tests of Interest    

   Test    -2*log(Likelihood Ratio)  Test df        p-value    

   Test 1              128.147          8          <.0001
   Test 2              38.9552          4          <.0001
   Test 3              38.9552          4          <.0001
   Test 4              18.2353          3       0.0003933

The p-value for Test 1 is less than .05.  There appears to be a
difference between response and/or variances among the dose levels
It seems appropriate to model the data

The p-value for Test 2 is less than .1.  Consider running a 
non-homogeneous variance model

The p-value for Test 3 is less than .1.  You may want to consider a 
different variance model

The p-value for Test 4 is less than .1.  You may want to try a different 
model
 

             Benchmark Dose Computation

Specified effect =             1

Risk Type        =     Estimated standard deviations from the control mean

Confidence level =          0.95

             BMD =        170.408


            BMDL =            142

