

 ==================================================================== 
   	  Polynomial Model. (Version: 2.16;  Date: 05/26/2010) 
  	  Input Data File: C:/Temp/hawc/bmd test cases/2-continuous-tc-Poly4CV-1SD.(d)  
  	  Gnuplot Plotting File:  C:/Temp/hawc/bmd test cases/2-continuous-tc-Poly4CV-1SD.plt
 							Fri Jan 25 16:39:54 2013
 ==================================================================== 

 BMDS Model Run 
~~~~~~~~~~~~~~~~~~~~~~~~~~~~~~~~~~~~~~~~~~~~~~~~~~~~~~~~~~~~~~~~~~~~~
 
   The form of the response function is: 

   Y[dose] = beta_0 + beta_1*dose + beta_2*dose^2 + ...


   Dependent variable = Response
   Independent variable = Dose
   rho is set to 0
   The polynomial coefficients are restricted to be positive
   A constant variance model is fit

   Total number of dose groups = 5
   Total number of records with missing values = 0
   Maximum number of iterations = 250
   Relative Function Convergence has been set to: 1e-008
   Parameter Convergence has been set to: 1e-008



                  Default Initial Parameter Values  
                          alpha =       35.502
                            rho =            0   Specified
                         beta_0 =           11
                         beta_1 =     0.132738
                         beta_2 =            0
                         beta_3 = 1.31746e-006
                         beta_4 =            0


           Asymptotic Correlation Matrix of Parameter Estimates

           ( *** The model parameter(s)  -rho    -beta_2    -beta_3   
                 have been estimated at a boundary point, or have been specified by the user,
                 and do not appear in the correlation matrix )

                  alpha       beta_0       beta_1       beta_4

     alpha            1     1.4e-008       3e-008    -4.3e-009

    beta_0     2.4e-010            1         -0.7         0.46

    beta_1     1.3e-008         -0.7            1         -0.9

    beta_4    -9.5e-009         0.46         -0.9            1



                                 Parameter Estimates

                                                         95.0% Wald Confidence Interval
       Variable         Estimate        Std. Err.     Lower Conf. Limit   Upper Conf. Limit
          alpha          38.1178          5.39067             27.5523             48.6833
         beta_0          13.5389          1.06047             11.4604             15.6174
         beta_1        0.0185202       0.00836513          0.00212482           0.0349155
         beta_2               -0               NA
         beta_3     3.16607e-028               NA
         beta_4     2.26188e-010     9.09848e-011        4.78607e-011        4.04515e-010

NA - Indicates that this parameter has hit a bound
     implied by some inequality constraint and thus
     has no standard error.



     Table of Data and Estimated Values of Interest

 Dose       N    Obs Mean     Est Mean   Obs Std Dev  Est Std Dev   Scaled Res.
------     ---   --------     --------   -----------  -----------   ----------

    0    20         11         13.5          2.4         6.17          -1.84
   50    20         16         14.5          3.4         6.17           1.11
  150    20         19         16.4          5.7         6.17           1.86
  350    20         21         23.4          6.7         6.17          -1.75
  450    20         32         31.1          9.1         6.17          0.617



 Model Descriptions for likelihoods calculated


 Model A1:        Yij = Mu(i) + e(ij)
           Var{e(ij)} = Sigma^2

 Model A2:        Yij = Mu(i) + e(ij)
           Var{e(ij)} = Sigma(i)^2

 Model A3:        Yij = Mu(i) + e(ij)
           Var{e(ij)} = Sigma^2
     Model A3 uses any fixed variance parameters that
     were specified by the user

 Model  R:         Yi = Mu + e(i)
            Var{e(i)} = Sigma^2


                       Likelihoods of Interest

            Model      Log(likelihood)   # Param's      AIC
             A1         -225.914787            6     463.829574
             A2         -206.437181           10     432.874362
             A3         -225.914787            6     463.829574
         fitted         -232.034097            4     472.068195
              R         -270.510596            2     545.021192


                   Explanation of Tests  

 Test 1:  Do responses and/or variances differ among Dose levels? 
          (A2 vs. R)
 Test 2:  Are Variances Homogeneous? (A1 vs A2)
 Test 3:  Are variances adequately modeled? (A2 vs. A3)
 Test 4:  Does the Model for the Mean Fit? (A3 vs. fitted)
 (Note:  When rho=0 the results of Test 3 and Test 2 will be the same.)

                     Tests of Interest    

   Test    -2*log(Likelihood Ratio)  Test df        p-value    

   Test 1              128.147          8          <.0001
   Test 2              38.9552          4          <.0001
   Test 3              38.9552          4          <.0001
   Test 4              12.2386          2          0.0022

The p-value for Test 1 is less than .05.  There appears to be a
difference between response and/or variances among the dose levels
It seems appropriate to model the data

The p-value for Test 2 is less than .1.  Consider running a 
non-homogeneous variance model

The p-value for Test 3 is less than .1.  You may want to consider a 
different variance model

The p-value for Test 4 is less than .1.  You may want to try a different 
model
 

             Benchmark Dose Computation

Specified effect =             1

Risk Type        =     Estimated standard deviations from the control mean

Confidence level =          0.95

             BMD =        269.213


            BMDL =        186.605

